#separator \x09
#set_separator	,
#empty_field	(empty)
#unset_field	-
#path	ocsp
#open	2026-04-16-04-15-38
#fields	ts	id	hashAlgorithm	issuerNameHash	issuerKeyHash	serialNumber	certStatus	revoketime	revokereason	thisUpdate	nextUpdate
#types	time	string	string	string	string	string	string	time	string	time	time
1776309338.145358	F54mgM1OptYBcPiXb8	sha1	430BD20E4F137A1A6C918F24E5DA7E324D4733C8	8D8C5EC454AD8AE177E99BF99B05E1B8018D61E1	3271B9BC6B36AA4486F93271E27EE014	good	-	-	1776046757.000000	1776651556.000000
1776309752.068673	FfJv9x4w0PHmcBBjLi	sha1	430BD20E4F137A1A6C918F24E5DA7E324D4733C8	8D8C5EC454AD8AE177E99BF99B05E1B8018D61E1	3271B9BC6B36AA4486F93271E27EE014	good	-	-	1776046757.000000	1776651556.000000
1776309753.595930	FClCrU9lUjaP0IwZb	sha1	430BD20E4F137A1A6C918F24E5DA7E324D4733C8	8D8C5EC454AD8AE177E99BF99B05E1B8018D61E1	3271B9BC6B36AA4486F93271E27EE014	good	-	-	1776046757.000000	1776651556.000000
1776309873.574004	FROEXg1dQu4qefAEuj	sha1	61C14498D31FCBB8B1C980A74B7E096A03CBE9FB	D04C83D18E712E3D34B1FF9B792C8E74D4E27806	4900072527952BF6030EEC6D5F000000072527	good	-	-	1776161588.000000	1776853988.000000
1776309926.660438	FLCOF24qC0szpEdi52	sha1	61C14498D31FCBB8B1C980A74B7E096A03CBE9FB	D04C83D18E712E3D34B1FF9B792C8E74D4E27806	4900113CC23C822876A9F98A4D000000113CC2	good	-	-	1776147188.000000	1776839588.000000
1776309927.371500	F651OR13Z4Njs0TDna	sha1	61C14498D31FCBB8B1C980A74B7E096A03CBE9FB	D04C83D18E712E3D34B1FF9B792C8E74D4E27806	4900113CC23C822876A9F98A4D000000113CC2	good	-	-	1776147188.000000	1776839588.000000
1776309933.795339	FlAg6CMMD7SvttCx	sha1	744C1115624957EC0F722E82C3F61AA60960F116	DE918648B7A1315931F14B5F07A9DC8879DAA876	330000000C4964A16F44203B2200000000000C	good	-	-	1771184251.000000	1779004651.000000
1776309952.415679	FQAVS53uEuuKPJllLb	sha1	61C14498D31FCBB8B1C980A74B7E096A03CBE9FB	D04C83D18E712E3D34B1FF9B792C8E74D4E27806	4900072527952BF6030EEC6D5F000000072527	good	-	-	1776161588.000000	1776853988.000000
1776310252.665422	F8D2H42GYHYDHLRbwj	sha1	61C14498D31FCBB8B1C980A74B7E096A03CBE9FB	D04C83D18E712E3D34B1FF9B792C8E74D4E27806	4900072527952BF6030EEC6D5F000000072527	good	-	-	1776161588.000000	1776853988.000000
1776310552.913502	FoWDEw1fltJJFDl4F4	sha1	61C14498D31FCBB8B1C980A74B7E096A03CBE9FB	D04C83D18E712E3D34B1FF9B792C8E74D4E27806	4900072527952BF6030EEC6D5F000000072527	good	-	-	1776161588.000000	1776853988.000000
1776310654.597930	Fds84h1pTjMgGm0id8	sha1	7624DB6BD09C44BD8C92A5BC8159AA8199E6A50A	CE15163BEA02A3A66BDAD92BFDE58C52BE7A50A8	33035860866BC33BB9287FEEBE000003586086	good	-	-	1776247988.000000	1776940388.000000
1776310718.628445	FlLLEl4mlKdEeKH5K4	sha1	1580966A099DCDAF6D8948B10B78DC4BFF67DE57	540CBCEC18F77DF103E284BE34644467CF751F65	430003A5985B1D66D63B2B202700000003A598	good	-	-	1776247989.000000	1776940389.000000
1776310718.630643	F1EKHf3AD1cr0Lerd	sha1	1580966A099DCDAF6D8948B10B78DC4BFF67DE57	540CBCEC18F77DF103E284BE34644467CF751F65	430003A5985B1D66D63B2B202700000003A598	good	-	-	1776161588.000000	1776853988.000000
1776310718.861947	FB8Nqf1b74IPB2RVP2	sha1	39D28B71FE1D19B65FB3F1288F23BC04595C4395	4E2254201895E6E36EE60FFAFAB912ED06178F39	0B0C6B2C466917B04773C647D4AFC0C8	good	-	-	1776201503.000000	1776806303.000000
1776310719.204619	FfGAoM1pRlP7PspvL6	sha1	A7C4B8B3DC5BB5581EA7D7F13AC569F56F48D789	748580C066C7DF37DECFBD2937AA031DBEEDCD17	0A1DEB496FE01E17849F8D9616EE6050	good	-	-	1776262500.000000	1776863700.000000
1776310724.113498	Fc4Ug23EAjldS5MHp6	sha1	767BEEC131AD839A81EC1C713980561B49CF3A9A	E51FC46A0936E2AFE1646EBDFC6BE9EDC5D02A74	5700001C178C525A653B401602000000001C17	good	-	-	1776075188.000000	1776767588.000000
1776310741.147259	F1fbE71fmwGwuWBpfk	sha1	E517A98D1DBA919C4FD007C811A712863B0BA864	0639F056D1ED90C836A3A00F94FE6294A7E6FC37	55000EF4793CA122A86730C85A0000000EF479	good	-	-	1776161588.000000	1776853988.000000
1776310779.285109	F8at192t8tv1p1J281	sha1	372F7FFF6BA0032BC36B698D865F355A62B1C6E0	6FAB7EDAFF974372EC3B6777DE82613588474285	33000000066FA24C31C3956FAB000000000006	good	-	-	1770587701.000000	1778408101.000000
1776310779.304843	F2foiH1bPDxpQigOHa	sha1	372F7FFF6BA0032BC36B698D865F355A62B1C6E0	6FAB7EDAFF974372EC3B6777DE82613588474285	3300000005516A21C89814CCF7000000000005	good	-	-	1770587701.000000	1778408101.000000
1776310779.318947	FhMKaJ3NjA3AY0av7b	sha1	744C1115624957EC0F722E82C3F61AA60960F116	DE918648B7A1315931F14B5F07A9DC8879DAA876	330000000B13E5667D4A9B558000000000000B	good	-	-	1771184251.000000	1779004651.000000
1776310853.082428	FrWhxs3DHDr3e6vX	sha1	61C14498D31FCBB8B1C980A74B7E096A03CBE9FB	D04C83D18E712E3D34B1FF9B792C8E74D4E27806	4900072527952BF6030EEC6D5F000000072527	good	-	-	1776161588.000000	1776853988.000000
1776311003.808125	F1gpt73ouxBVgW6Cl3	sha1	61C14498D31FCBB8B1C980A74B7E096A03CBE9FB	D04C83D18E712E3D34B1FF9B792C8E74D4E27806	4900113CC23C822876A9F98A4D000000113CC2	good	-	-	1776161588.000000	1776853988.000000
1776311302.611080	FsDfVj4pg1ecsfOIHe	sha1	430BD20E4F137A1A6C918F24E5DA7E324D4733C8	8D8C5EC454AD8AE177E99BF99B05E1B8018D61E1	3271B9BC6B36AA4486F93271E27EE014	good	-	-	1776046757.000000	1776651556.000000
1776311552.947925	FVSFEl1M17BTsuQtVb	sha1	A7C4B8B3DC5BB5581EA7D7F13AC569F56F48D789	748580C066C7DF37DECFBD2937AA031DBEEDCD17	045D590550C1017F200F492B5606ED00	good	-	-	1776229380.000000	1776830580.000000
1776311552.982548	FQPkWK2hnm682YBBK3	sha1	A7C4B8B3DC5BB5581EA7D7F13AC569F56F48D789	748580C066C7DF37DECFBD2937AA031DBEEDCD17	045D590550C1017F200F492B5606ED00	good	-	-	1776142980.000000	1776744180.000000
1776311553.035598	FrBlql3E7VOBm3sX16	sha1	A7C4B8B3DC5BB5581EA7D7F13AC569F56F48D789	748580C066C7DF37DECFBD2937AA031DBEEDCD17	0BF22A49E00DC53705E73B0AB3FA1209	good	-	-	1776273300.000000	1776874500.000000
1776311553.140057	FRS4Wl2DLd94Rxh76j	sha1	39D28B71FE1D19B65FB3F1288F23BC04595C4395	4E2254201895E6E36EE60FFAFAB912ED06178F39	0CF5BD062B5602F47AB8502C23CCF066	good	-	-	1776197499.000000	1776802299.000000
1776311557.489268	F1V6mx48mbefn2vwH	sha1	A7C4B8B3DC5BB5581EA7D7F13AC569F56F48D789	748580C066C7DF37DECFBD2937AA031DBEEDCD17	060F925C3FFD30F08BE3AAAE778895F5	good	-	-	1776239100.000000	1776840300.000000
1776311598.046532	FIXymc1PyPN5CpdObh	sha1	E517A98D1DBA919C4FD007C811A712863B0BA864	0639F056D1ED90C836A3A00F94FE6294A7E6FC37	55000BFFAFEC7A3BCEB3B913670000000BFFAF	good	-	-	1776161588.000000	1776853988.000000
1776311688.510205	Fzyc3u3Qt2zmIE6rA3	sha1	1580966A099DCDAF6D8948B10B78DC4BFF67DE57	540CBCEC18F77DF103E284BE34644467CF751F65	43000516D8647515AE45CEF5B80000000516D8	good	-	-	1775643188.000000	1776335588.000000
1776311726.698109	FXEI3c20RvI2cNNQG8	sha1	61C14498D31FCBB8B1C980A74B7E096A03CBE9FB	D04C83D18E712E3D34B1FF9B792C8E74D4E27806	4900113CC23C822876A9F98A4D000000113CC2	good	-	-	1776161588.000000	1776853988.000000
1776311727.439930	FiRFb1wu0IsXgNdFc	sha1	61C14498D31FCBB8B1C980A74B7E096A03CBE9FB	D04C83D18E712E3D34B1FF9B792C8E74D4E27806	4900113CC23C822876A9F98A4D000000113CC2	good	-	-	1776147188.000000	1776839588.000000
